2025-04-04 06:35:54.443931 - Received CBT.V508.FILE243.PDS from FILE243.XMI 
2025-04-04 06:35:54.445462 - Found $$$#DATE.txt (text/plain) in CBT.V508.FILE243.PDS, moved to PDS/$$$#DATE
2025-04-04 06:35:54.445611 - Found #LKED.jcl (text/plain) in CBT.V508.FILE243.PDS, moved to PDS/#LKED
2025-04-04 06:35:54.445757 - Found @FILE242.txt (text/plain) in CBT.V508.FILE243.PDS, moved to PDS/@FILE242
2025-04-04 06:35:54.445874 - Found @FILE243.txt (text/plain) in CBT.V508.FILE243.PDS, moved to PDS/@FILE243
2025-04-04 06:35:54.445987 - Found PLIXCL.txt (text/plain) in CBT.V508.FILE243.PDS, moved to PDS/PLIXCL
2025-04-04 06:35:54.446109 - Found REAPSWD.txt (text/plain) in CBT.V508.FILE243.PDS, moved to PDS/REAPSWD
2025-04-04 06:35:54.446268 - Found REASCNV.txt (text/plain) in CBT.V508.FILE243.PDS, moved to PDS/REASCNV
2025-04-04 06:35:54.446386 - Found REASESD.txt (text/plain) in CBT.V508.FILE243.PDS, moved to PDS/REASESD
2025-04-04 06:35:54.446504 - Found REASLIB.txt (text/plain) in CBT.V508.FILE243.PDS, moved to PDS/REASLIB
2025-04-04 06:35:54.446616 - Found REASLOA.txt (text/plain) in CBT.V508.FILE243.PDS, moved to PDS/REASLOA
2025-04-04 06:35:54.446732 - Found REASLST.txt (text/plain) in CBT.V508.FILE243.PDS, moved to PDS/REASLST
2025-04-04 06:35:54.446858 - Found REASM$.txt (text/plain) in CBT.V508.FILE243.PDS, moved to PDS/REASM$
2025-04-04 06:35:54.446971 - Found REASMBAS.txt (text/plain) in CBT.V508.FILE243.PDS, moved to PDS/REASMBAS
2025-04-04 06:35:54.447089 - Found REASMCM.txt (text/plain) in CBT.V508.FILE243.PDS, moved to PDS/REASMCM
2025-04-04 06:35:54.447221 - Found REASMCMD.txt (text/plain) in CBT.V508.FILE243.PDS, moved to PDS/REASMCMD
2025-04-04 06:35:54.447333 - Found REASMCR.txt (text/plain) in CBT.V508.FILE243.PDS, moved to PDS/REASMCR
2025-04-04 06:35:54.447450 - Found REASMD.txt (text/plain) in CBT.V508.FILE243.PDS, moved to PDS/REASMD
2025-04-04 06:35:54.447574 - Found REASMHRD.txt (text/plain) in CBT.V508.FILE243.PDS, moved to PDS/REASMHRD
2025-04-04 06:35:54.447744 - Found REASMI.txt (text/plain) in CBT.V508.FILE243.PDS, moved to PDS/REASMI
2025-04-04 06:35:54.447859 - Found REASMIDP.txt (text/plain) in CBT.V508.FILE243.PDS, moved to PDS/REASMIDP
2025-04-04 06:35:54.447981 - Found REASMLB.txt (text/plain) in CBT.V508.FILE243.PDS, moved to PDS/REASMLB
2025-04-04 06:35:54.448145 - Found REASMLIV.txt (text/plain) in CBT.V508.FILE243.PDS, moved to PDS/REASMLIV
2025-04-04 06:35:54.448530 - Found REASMM.txt (text/plain) in CBT.V508.FILE243.PDS, moved to PDS/REASMM
2025-04-04 06:35:54.448689 - Found REASMM#O.txt (text/plain) in CBT.V508.FILE243.PDS, moved to PDS/REASMM#O
2025-04-04 06:35:54.448814 - Found REASMMAC.txt (text/plain) in CBT.V508.FILE243.PDS, moved to PDS/REASMMAC
2025-04-04 06:35:54.448943 - Found REASMR.txt (text/plain) in CBT.V508.FILE243.PDS, moved to PDS/REASMR
2025-04-04 06:35:54.449054 - Found REASMRC.txt (text/plain) in CBT.V508.FILE243.PDS, moved to PDS/REASMRC
2025-04-04 06:35:54.449172 - Found REASMS.txt (text/plain) in CBT.V508.FILE243.PDS, moved to PDS/REASMS
2025-04-04 06:35:54.449298 - Found REASMSCR.txt (text/plain) in CBT.V508.FILE243.PDS, moved to PDS/REASMSCR
2025-04-04 06:35:54.449419 - Found REASMSVC.txt (text/plain) in CBT.V508.FILE243.PDS, moved to PDS/REASMSVC
2025-04-04 06:35:54.449529 - Found REASPRF.txt (text/plain) in CBT.V508.FILE243.PDS, moved to PDS/REASPRF
2025-04-04 06:35:54.449656 - Found REASQFY.txt (text/plain) in CBT.V508.FILE243.PDS, moved to PDS/REASQFY
2025-04-04 06:35:54.449774 - Found REASQPW.txt (text/plain) in CBT.V508.FILE243.PDS, moved to PDS/REASQPW
2025-04-04 06:35:54.449890 - Found REASQPW$.txt (text/plain) in CBT.V508.FILE243.PDS, moved to PDS/REASQPW$
2025-04-04 06:35:54.450000 - Found SCREEN.txt (text/plain) in CBT.V508.FILE243.PDS, moved to PDS/SCREEN
2025-04-04 06:35:54.450106 - Found ZZTEST.jcl (text/plain) in CBT.V508.FILE243.PDS, moved to PDS/ZZTEST
